// Vitest Snapshot v1

exports[`<Signup /> > should render correctly 1`] = `
[
  <h1>
    Inscrivez-vous
  </h1>,
  <div
    className="flex flex-col sm:flex-row items-center justify-between gap-4"
  >
    <form
      className="w-full sm:w-1/2"
      onSubmit={[Function]}
    >
      <div
        className="_Input_658f0a"
      >
        <label
          htmlFor="firstName"
        >
          Prénom
        </label>
        <input
          id="firstName"
          name="firstName"
          onChange={[Function]}
          placeholder="Raymond"
          required={true}
          type="text"
          value=""
        />
      </div>
      <div
        className="_Input_658f0a"
      >
        <label
          htmlFor="lastName"
        >
          Nom de famille
        </label>
        <input
          id="lastName"
          name="lastName"
          onChange={[Function]}
          placeholder="Poulidor"
          required={true}
          type="text"
          value=""
        />
      </div>
      <div
        className="_Select_dd8b4d"
      >
        <label
          htmlFor="gender"
        >
          Genre
        </label>
        <select
          id="gender"
          name="gender"
          onChange={[Function]}
          required={true}
          value="male"
        >
          <option
            value="male"
          >
            Homme
          </option>
          <option
            value="female"
          >
            Femme
          </option>
          <option
            value="non-binary"
          >
            Non-binaire
          </option>
        </select>
      </div>
      <div
        className="_Input_658f0a"
      >
        <label
          htmlFor="height"
        >
          Taille (en cm)
        </label>
        <input
          id="height"
          name="height"
          onChange={[Function]}
          placeholder="180"
          required={true}
          type="number"
          value={150}
        />
      </div>
      <div
        className="_Input_658f0a"
      >
        <label
          htmlFor="email"
        >
          Email
        </label>
        <input
          id="email"
          name="email"
          onChange={[Function]}
          placeholder="raymond@cyckle.com"
          required={true}
          type="text"
          value=""
        />
      </div>
      <div
        className="_Input_658f0a"
      >
        <label
          htmlFor="phone"
        >
          Numéro de téléphone
        </label>
        <input
          id="phone"
          name="phone"
          onChange={[Function]}
          placeholder="06 01 02 03 04"
          required={true}
          type="tel"
          value=""
        />
      </div>
      <div
        className="_Input_658f0a"
      >
        <label
          htmlFor="password"
        >
          Mot de passe
        </label>
        <input
          id="password"
          name="password"
          onChange={[Function]}
          placeholder="******"
          required={true}
          type="password"
          value=""
        />
      </div>
      <div
        className="_Input_658f0a"
      >
        <label
          htmlFor="passwordConfirmation"
        >
          Confirmation du mot de passe
        </label>
        <input
          id="passwordConfirmation"
          name="passwordConfirmation"
          onChange={[Function]}
          placeholder="******"
          required={true}
          type="password"
          value=""
        />
      </div>
      <div
        className="flex flex-col items-center justify-center gap-4"
      >
        <button
          className="_Button_4ea4ec _primary_4ea4ec mt-5"
        >
          S'inscrire
        </button>
        <p>
          Vous avez déjà un compte ? 
          <a
            href="/"
            onClick={[Function]}
          >
            Identifiez-vous
          </a>
        </p>
      </div>
    </form>
    <img
      alt="A man opening a door."
      className="w-full sm:w-1/2"
      src="/@fs/@/images/login.svg"
    />
  </div>,
]
`;
